INTLIT:123
+
ID:x
{
}
(
)
;
,
.
<<
>>
++
--
+
-
*
/
!
&&
||
==
!=
<
>
>=
>=
=
bool
int
void
true
false
struct
input
output
if
else
while
return
STRINGLIT:"this"
STRINGLIT:"\n"
STRINGLIT:"\t"
STRINGLIT:"\""
STRINGLIT:"\'"
STRINGLIT:"\?"
STRINGLIT:"\\"
ID:x
INTLIT:567
STRINGLIT:"that"
ID:y
STRINGLIT:"those"
ID:he
ID:the
ID:she
INTLIT:532915885
EOF
